I'm sorry, but errors were detected in your script. Please correct the
errors listed below, and try again.


File "game/script.rpy", line 28: expected statement.
    narrator("Your neighborhood, New Ribosome City")
                                                    ^

Ren'Py Version: Ren'Py 7.4.6.1693
Tue Nov 23 14:53:13 2021
